Microchip Technology Inc, v1.61 (B)

Tool Name:
  c:\program files\microchip\xc16\v1.61\bin\bin\..\bin/elf-ld.exe

Command:
  -TC:\\Users\\EDU_OB~1\\AppData\\Local\\Temp\\tmp00001034.00 \
  -TC:\\Users\\EDU_OB~1\\AppData\\Local\\Temp\\tmp00001034.01 \
  -TC:\\Users\\EDU_OB~1\\AppData\\Local\\Temp\\tmp00001034.02 \
  -TC:\\Users\\EDU_OB~1\\AppData\\Local\\Temp\\tmp00001034.03 \
  -TC:\\Users\\EDU_OB~1\\AppData\\Local\\Temp\\tmp00001034.04 \
  -TC:\\Users\\EDU_OB~1\\AppData\\Local\\Temp\\tmp00001034.05 \
  -TC:\\Users\\EDU_OB~1\\AppData\\Local\\Temp\\tmp00001034.06 \
  -p24FJ256GA702 \
  --mdfp=C:/Program Files/Microchip/MPLABX/v5.45/packs/Microchip/PIC24F-GA-GB_DFP/1.4.141/xc16 \
  -o \
  dist/default/debug/RO_firmware_v1.X.debug.elf \
  -Lc:/program files/microchip/xc16/v1.61/bin/bin/.. \
  -LC:/Program Files/Microchip/MPLABX/v5.45/packs/Microchip/PIC24F-GA-GB_DFP/1.4.141/xc16/bin/../support/PIC24F/gld \
  -Lc:/program files/microchip/xc16/v1.61/bin/bin/../../lib \
  -Lc:/program files/microchip/xc16/v1.61/bin/bin/../../support/PIC24E/gld \
  -Lc:/program files/microchip/xc16/v1.61/bin/bin/../../support/PIC24F/gld \
  -Lc:/program files/microchip/xc16/v1.61/bin/bin/../../support/PIC24H/gld \
  -Lc:/program files/microchip/xc16/v1.61/bin/bin/../../support/dsPIC30F/gld \
  -Lc:/program files/microchip/xc16/v1.61/bin/bin/../../support/dsPIC33C/gld \
  -Lc:/program files/microchip/xc16/v1.61/bin/bin/../../support/dsPIC33E/gld \
  -Lc:/program files/microchip/xc16/v1.61/bin/bin/../../support/dsPIC33F/gld \
  build/default/debug/mcc_generated_files/pin_manager.o \
  build/default/debug/mcc_generated_files/clock.o \
  build/default/debug/mcc_generated_files/traps.o \
  build/default/debug/mcc_generated_files/interrupt_manager.o \
  build/default/debug/mcc_generated_files/tmr2.o \
  build/default/debug/mcc_generated_files/uart2.o \
  build/default/debug/mcc_generated_files/mcc.o \
  build/default/debug/mcc_generated_files/uart1.o \
  build/default/debug/mcc_generated_files/spi1.o \
  build/default/debug/mcc_generated_files/system.o \
  build/default/debug/mcc_generated_files/i2c1.o \
  build/default/debug/mcc_generated_files/tmr1.o \
  build/default/debug/main.o \
  build/default/debug/stateTaskHandler.o \
  build/default/debug/baseSW.o \
  build/default/debug/EEPROM_driver.o \
  --local-stack \
  --defsym=__MPLAB_BUILD=1 \
  --defsym=__MPLAB_DEBUG=1 \
  --defsym=__DEBUG=1 \
  -Tp24FJ256GA702.gld.07 \
  --heap=300 \
  --stack=16 \
  --check-sections \
  --data-init \
  --pack-data \
  --handles \
  --isr \
  --no-gc-sections \
  --fill-upper=0 \
  --stackguard=16 \
  --no-force-link \
  --smart-io \
  -Map=dist/default/debug/RO_firmware_v1.X.debug.map \
  --report-mem \
  --memorysummary \
  dist/default/debug/memoryfile.xml \
  -start-group \
  --library=lega-pic30-elf \
  --library=m-elf \
  --library=lega-c-elf \
  -end-group \


Optional library libpPIC24Fxxx.a not found
Archive member included because of file (symbol)

c:/program files/microchip/xc16/v1.61/bin/bin/../../lib\liblega-pic30-elf.a(crt0_extended24.o)
                              (__resetPRI)
c:/program files/microchip/xc16/v1.61/bin/bin/../../lib\liblega-pic30-elf.a(data_init_24.o)
                              c:/program files/microchip/xc16/v1.61/bin/bin/../../lib\liblega-pic30-elf.a(crt0_extended24.o) (__data_init_da)
c:/program files/microchip/xc16/v1.61/bin/bin/../../lib\liblega-pic30-elf.a(crt_start_mode_normalda.Leo)
                              (__crt_start_mode_normal)
c:/program files/microchip/xc16/v1.61/bin/bin/../../lib\liblega-pic30-elf.a(delay32da.Leo)
                              build/default/debug/main.o (___delay32)
c:/program files/microchip/xc16/v1.61/bin/bin/../../lib\libm-elf.a(addsf3.daeo)
                              build/default/debug/baseSW.o (___addsf3)
c:/program files/microchip/xc16/v1.61/bin/bin/../../lib\libm-elf.a(divsf3.daeo)
                              build/default/debug/baseSW.o (___divsf3)
c:/program files/microchip/xc16/v1.61/bin/bin/../../lib\libm-elf.a(fixsfsi.daeo)
                              build/default/debug/baseSW.o (_(float, int, long long, short, float, short, int))
c:/program files/microchip/xc16/v1.61/bin/bin/../../lib\libm-elf.a(fixunssfsi.daeo)
                              build/default/debug/baseSW.o (___fixunssfsi)
c:/program files/microchip/xc16/v1.61/bin/bin/../../lib\libm-elf.a(floatsisf.daeo)
                              build/default/debug/baseSW.o (___floatsisf)
c:/program files/microchip/xc16/v1.61/bin/bin/../../lib\libm-elf.a(floatunsisf.daeo)
                              build/default/debug/baseSW.o (___floatunsisf)
c:/program files/microchip/xc16/v1.61/bin/bin/../../lib\libm-elf.a(fpack.daeo)
                              c:/program files/microchip/xc16/v1.61/bin/bin/../../lib\libm-elf.a(addsf3.daeo) (__fpack)
c:/program files/microchip/xc16/v1.61/bin/bin/../../lib\libm-elf.a(funpack.daeo)
[...]
Memory Configuration

Name             Origin             Length             Attributes
data             0x000800           0x004000           a !xr
reset            0x000000           0x000004  
ivt              0x000004           0x0000fc  
program          0x000100           0x02ae00           xr
FSEC             0x02af00           0x000002  
FBSLIM           0x02af10           0x000002  
FSIGN            0x02af14           0x000002  
FOSCSEL          0x02af18           0x000002  
FOSC             0x02af1c           0x000002  
FWDT             0x02af20           0x000002  
FPOR             0x02af24           0x000002  
FICD             0x02af28           0x000002  
FDEVOPT1         0x02af2c           0x000002  
*default*        0x000000           0xffffffff  

Linker script and memory map


reserve_data_0x800
                    0x0800         0x1c
                    0x081c                  . = 0x1c
 *fill*             0x0800         0x1c00

reserve_data_0x81c
                    0x081c          0x2
                    0x081e                  . = 0x2
 *fill*             0x081c          0x200

reserve_data_0x81e
                    0x081e          0x2
                    0x0820                  . = 0x2
 *fill*             0x081e          0x200

reserve_data_0x820
                    0x0820          0x2
                    0x0822                  . = 0x2
 *fill*             0x0820          0x200

reserve_data_0x822
                    0x0822          0x2
                    0x0824                  . = 0x2
 *fill*             0x0822          0x200

reserve_data_0x824
                    0x0824          0x4
                    0x0828                  . = 0x4
 *fill*             0x0824          0x400

reserve_data_0x82a
                    0x082a         0x26
                    0x0850                  . = 0x26
 *fill*             0x082a         0x2600
LOAD build/default/debug/mcc_generated_files/pin_manager.o
LOAD build/default/debug/mcc_generated_files/clock.o
LOAD build/default/debug/mcc_generated_files/traps.o
LOAD build/default/debug/mcc_generated_files/interrupt_manager.o
LOAD build/default/debug/mcc_generated_files/tmr2.o
LOAD build/default/debug/mcc_generated_files/uart2.o
LOAD build/default/debug/mcc_generated_files/mcc.o
LOAD build/default/debug/mcc_generated_files/uart1.o
LOAD build/default/debug/mcc_generated_files/spi1.o
LOAD build/default/debug/mcc_generated_files/system.o
LOAD build/default/debug/mcc_generated_files/i2c1.o
LOAD build/default/debug/mcc_generated_files/tmr1.o
LOAD build/default/debug/main.o
LOAD build/default/debug/stateTaskHandler.o
LOAD build/default/debug/baseSW.o
LOAD build/default/debug/EEPROM_driver.o
                    0x0001                  __MPLAB_BUILD = 0x1
                    0x0001                  __MPLAB_DEBUG = 0x1
                    0x0001                  __DEBUG = 0x1
LOAD pPIC24Fxxx
LOAD c:/program files/microchip/xc16/v1.61/bin/bin/../../lib\libfx-elf.a
                    0x2af00                  __FSEC = 0x2af00
                    0x2af10                  __FBSLIM = 0x2af10
                    0x2af14                  __FSIGN = 0x2af14
                    0x2af18                  __FOSCSEL = 0x2af18
                    0x2af1c                  __FOSC = 0x2af1c
                    0x2af20                  __FWDT = 0x2af20
                    0x2af24                  __FPOR = 0x2af24
                    0x2af28                  __FICD = 0x2af28
                    0x2af2c                  __FDEVOPT1 = 0x2af2c
                    0x0100                  __CODE_BASE = 0x100
                    0x2ae00                  __CODE_LENGTH = 0x2ae00
                    0x0004                  __IVT_BASE = 0x4
                    0x0800                  __DATA_BASE = 0x800
                    0x4000                  __DATA_LENGTH = 0x4000

.reset            0x000000          0x4
                  0x000000          0x2 SHORT 0x100 ABSOLUTE (__reset)
                  0x000001          0x2 SHORT 0x4
                  0x000002          0x2 SHORT 0x0 ((ABSOLUTE (__reset) >> 0x10) & 0x7f)
                  0x000003          0x2 SHORT 0x0

.text             0x000100       0x19c6
 *(.init)
 .init            0x000100         0x4c c:/program files/microchip/xc16/v1.61/bin/bin/../../lib\liblega-pic30-elf.a(crt0_extended24.o)
                  0x000100                  __resetPRI
                  0x000100                  __reset
                  0x00013c                  __psv_init
 .init            0x00014c         0xb8 c:/program files/microchip/xc16/v1.61/bin/bin/../../lib\liblega-pic30-elf.a(data_init_24.o)
                  0x000152                  __data_init
                  0x000152                  __data_init_da
 *(.user_init)
 *(.handle)
 .handle          0x000204         0x5c jump_table
 *(.isr*)
 .isr.text        0x000260         0xa2 build/default/debug/mcc_generated_files/traps.o
                  0x000260                  __OscillatorFail
                  0x000280                  __StackError
                  0x0002a2                  __AddressError
                  0x0002c2                  __MathError
                  0x0002e2                  __NVMError
 .isr.text        0x000302         0x36 build/default/debug/mcc_generated_files/tmr2.o
                  0x000302                  __T3Interrupt
 .isr.text        0x000338         0xd8 build/default/debug/mcc_generated_files/uart2.o
                  0x000338                  __U2TXInterrupt
                  0x000394                  __U2RXInterrupt
                  0x0003fa                  __U2ErrInterrupt
 .isr.text        0x000410         0xd8 build/default/debug/mcc_generated_files/uart1.o
                  0x000410                  __U1TXInterrupt
                  0x00046c                  __U1RXInterrupt
                  0x0004d2                  __U1ErrInterrupt
 .isr.text        0x0004e8        0x250 build/default/debug/mcc_generated_files/i2c1.o
                  0x0004e8                  __MI2C1Interrupt
 .isr.text        0x000738         0x36 build/default/debug/mcc_generated_files/tmr1.o
                  0x000738                  __T1Interrupt
 .isr             0x00076e          0x4 default_isr
                  0x00076e                  __DefaultInterrupt
 *(.libc)
 .libc            0x000772         0x12 c:/program files/microchip/xc16/v1.61/bin/bin/../../lib\liblega-pic30-elf.a(closeda.Leo)
                  0x000772                  _close
 .libc            0x000784         0x84 c:/program files/microchip/xc16/v1.61/bin/bin/../../lib\liblega-pic30-elf.a(writeda.Leo)
                  0x000784                  _write
 .libc            0x000808         0x12 c:/program files/microchip/xc16/v1.61/bin/bin/../../lib\liblega-pic30-elf.a(removeda.Leo)
                  0x000808                  _remove
 .libc            0x00081a         0x28 c:/program files/microchip/xc16/v1.61/bin/bin/../../lib\liblega-pic30-elf.a(sbrkda.Leo)
                  0x00081a                  _sbrk
 .libc            0x000842         0x1a c:/program files/microchip/xc16/v1.61/bin/bin/../../lib\liblega-pic30-elf.a(brkda.Lelo)
                  0x000842                  _brk
 *(.libm)
 *(.libdsp)
 *(.lib*)
 .libpic30_crt_start_mode
                  0x00085c          0x2 c:/program files/microchip/xc16/v1.61/bin/bin/../../lib\liblega-pic30-elf.a(crt_start_mode_normalda.Leo)
                  0x00085c                  __crt_start_mode
                  0x00085c                  __crt_start_mode_normal
 .libm.subsf3     0x00085e         0xbc c:/program files/microchip/xc16/v1.61/bin/bin/../../lib\libm-elf.a(addsf3.daeo)
                  0x00085e                  ___subsf3
                  0x000860                  ___addsf3
 .libm.divfs3     0x00091a         0x84 c:/program files/microchip/xc16/v1.61/bin/bin/../../lib\libm-elf.a(divsf3.daeo)
                  0x00091a                  ___divsf3
 .libm.fixsfsi    0x00099e         0x42 c:/program files/microchip/xc16/v1.61/bin/bin/../../lib\libm-elf.a(fixsfsi.daeo)
                  0x00099e                  _(float, int, long long, short, float, short, int)
 .libm.fixunssfsi
                  0x0009e0         0x36 c:/program files/microchip/xc16/v1.61/bin/bin/../../lib\libm-elf.a(fixunssfsi.daeo)
                  0x0009e0                  ___fixunssfsi
 .libm.floatsisf
                  0x000a16          0x6 c:/program files/microchip/xc16/v1.61/bin/bin/../../lib\libm-elf.a(floatsisf.daeo)
                  0x000a16                  ___floatsisf
 .libm.floatunsisf
                  0x000a1c          0x4 c:/program files/microchip/xc16/v1.61/bin/bin/../../lib\libm-elf.a(floatunsisf.daeo)
                  0x000a1c                  ___floatunsisf
 .libm.fpack      0x000a20         0x4c c:/program files/microchip/xc16/v1.61/bin/bin/../../lib\libm-elf.a(fpack.daeo)
                  0x000a20                  __fpack
 .libm.funpack    0x000a6c         0x2a c:/program files/microchip/xc16/v1.61/bin/bin/../../lib\libm-elf.a(funpack.daeo)
                  0x000a6c                  __funpack
 .libm.funpack2
                  0x000a96         0x10 c:/program files/microchip/xc16/v1.61/bin/bin/../../lib\libm-elf.a(funpack2.daeo)
                  0x000a96                  __funpack2
 .libm.fPropagateNaN
                  0x000aa6         0x12 c:/program files/microchip/xc16/v1.61/bin/bin/../../lib\libm-elf.a(futil.daeo)
                  0x000aa6                  __fPropagateNaN
 .libm.fbobExit
                  0x000ab8          0x8 c:/program files/microchip/xc16/v1.61/bin/bin/../../lib\libm-elf.a(futil.daeo)
                  0x000ab8                  __fbopExit
 .libm.fbopReturnNaN
                  0x000ac0          0x6 c:/program files/microchip/xc16/v1.61/bin/bin/../../lib\libm-elf.a(futil.daeo)
                  0x000ac0                  __fbopReturnNaN
 .libm.mulsf3     0x000ac6         0x68 c:/program files/microchip/xc16/v1.61/bin/bin/../../lib\libm-elf.a(mulsf3.daeo)
                  0x000ac6                  ___mulsf3
 .libm.floatdisf
                  0x000b2e         0x20 c:/program files/microchip/xc16/v1.61/bin/bin/../../lib\libm-elf.a(floatdisf.daeo)
                  0x000b2e                  ___floatdisf
 .libm.floatundisf
                  0x000b4e         0x5e c:/program files/microchip/xc16/v1.61/bin/bin/../../lib\libm-elf.a(floatundisf.daeo)
                  0x000b4e                  ___floatundisf
 .libc.findmem    0x000bac         0x66 c:/program files/microchip/xc16/v1.61/bin/bin/../../lib\liblega-c-elf.a(malloc.DA_eo)
 .libc.malloc     0x000c12         0x54 c:/program files/microchip/xc16/v1.61/bin/bin/../../lib\liblega-c-elf.a(malloc.DA_eo)
                  0x000c12                  _malloc
 .libc.memcpy     0x000c66          0xe c:/program files/microchip/xc16/v1.61/bin/bin/../../lib\liblega-c-elf.a(memcpy.DA_eo)
                  0x000c66                  _memcpy
 .libc._Getmem    0x000c74         0x14 c:/program files/microchip/xc16/v1.61/bin/bin/../../lib\liblega-c-elf.a(xgetmem.DA_eo)
                  0x000c74                  __Getmem
 .libc.eprout     0x000c88         0x1a c:/program files/microchip/xc16/v1.61/bin/bin/../../lib\liblega-c-elf.a(sprintf_cdnopuxX.DAeo)
                  0x000c88                  sprintf_cdnopuxX.DAeo:_eprout
 .libc.prout      0x000ca2          0xe c:/program files/microchip/xc16/v1.61/bin/bin/../../lib\liblega-c-elf.a(sprintf_cdnopuxX.DAeo)
                  0x000ca2                  sprintf_cdnopuxX.DAeo:_prout
 .libc._sprintf_cdnopuxX
                  0x000cb0         0x20 c:/program files/microchip/xc16/v1.61/bin/bin/../../lib\liblega-c-elf.a(sprintf_cdnopuxX.DAeo)
                  0x000cb0                  __sprintf_cdnopuxX
 .libc.eprout     0x000cd0         0x1e c:/program files/microchip/xc16/v1.61/bin/bin/../../lib\liblega-c-elf.a(xprintf_cdnopuxX.DAeo)
                  0x000cd0                  xprintf_cdnopuxX.DAeo:_eprout
 .libc.__ePrintf_cdnopuxX
                  0x000cee        0x176 c:/program files/microchip/xc16/v1.61/bin/bin/../../lib\liblega-c-elf.a(xprintf_cdnopuxX.DAeo)
                  0x000cee                  ___ePrintf_cdnopuxX
 .libc.__Printf_cdnopuxX
                  0x000e64          0xa c:/program files/microchip/xc16/v1.61/bin/bin/../../lib\liblega-c-elf.a(xprintf_cdnopuxX.DAeo)
                  0x000e64                  ___Printf_cdnopuxX
 .libc.__Putfld_cdnopuxX
                  0x000e6e        0x224 c:/program files/microchip/xc16/v1.61/bin/bin/../../lib\liblega-c-elf.a(xputfld_cdnopuxX.DAeo)
                  0x000e6e                  ___Putfld_cdnopuxX
 .libc.free       0x001092         0x64 c:/program files/microchip/xc16/v1.61/bin/bin/../../lib\liblega-c-elf.a(free.DA_eo)
                  0x001092                  _free
 .libc.strchr     0x0010f6         0x18 c:/program files/microchip/xc16/v1.61/bin/bin/../../lib\liblega-c-elf.a(strchr.DA_eo)
                  0x0010f6                  _strchr
 .libc._Litob     0x00110e        0x25e c:/program files/microchip/xc16/v1.61/bin/bin/../../lib\liblega-c-elf.a(xlitob.DA_eo)
                  0x00110e                  __Litob
 .libc._Puttxt    0x00136c        0x1b4 c:/program files/microchip/xc16/v1.61/bin/bin/../../lib\liblega-c-elf.a(xputtxt.DA_eo)
                  0x00136c                  __Puttxt
 .libc._Vacopy    0x001520          0x4 c:/program files/microchip/xc16/v1.61/bin/bin/../../lib\liblega-c-elf.a(xvacopy.DA_eo)
                  0x001520                  __Vacopy
 .libc.efwrite    0x001524         0xd8 c:/program files/microchip/xc16/v1.61/bin/bin/../../lib\liblega-c-elf.a(efwrite.DA_eo)
                  0x001524                  _efwrite
 .libc._DNKfflush
                  0x0015fc         0x76 c:/program files/microchip/xc16/v1.61/bin/bin/../../lib\liblega-c-elf.a(fflush.DA_elo)
                  0x0015fc                  __DNKfflush
 .libc._Fwprep    0x001672         0x8e c:/program files/microchip/xc16/v1.61/bin/bin/../../lib\liblega-c-elf.a(xfwprep.DA_eo)
                  0x001672                  __Fwprep
 .libc.closeallreg
                  0x001700          0x4 c:/program files/microchip/xc16/v1.61/bin/bin/../../lib\liblega-c-elf.a(fclose.DA_elo)
 .libc._Closreg
                  0x001704         0x12 c:/program files/microchip/xc16/v1.61/bin/bin/../../lib\liblega-c-elf.a(fclose.DA_elo)
                  0x001704                  __Closreg
 .libc.fclose     0x001716         0x90 c:/program files/microchip/xc16/v1.61/bin/bin/../../lib\liblega-c-elf.a(fclose.DA_elo)
                  0x001716                  _fclose
 .libc.closeall
                  0x0017a6         0x20 c:/program files/microchip/xc16/v1.61/bin/bin/../../lib\liblega-c-elf.a(fclose.DA_elo)
                  0x0017a6                  fclose.DA_elo:_closeall
 .libc._Atexit    0x0017c6         0x18 c:/program files/microchip/xc16/v1.61/bin/bin/../../lib\liblega-c-elf.a(xatexit.DA_elo)
                  0x0017c6                  __Atexit
 .libc.doclose    0x0017de          0x4 c:/program files/microchip/xc16/v1.61/bin/bin/../../lib\liblega-pic30-elf.a(closeda.Leo)
 .libc.dowrite    0x0017e2          0x4 c:/program files/microchip/xc16/v1.61/bin/bin/../../lib\liblega-pic30-elf.a(writeda.Leo)
 .libc.doremove
                  0x0017e6          0x4 c:/program files/microchip/xc16/v1.61/bin/bin/../../lib\liblega-pic30-elf.a(removeda.Leo)
 .libc.memcpy_eds
                  0x0017ea         0x52 c:/program files/microchip/xc16/v1.61/bin/bin/../../lib\liblega-pic30-elf.a(memcpy_edsda.Leo)
                  0x0017ea                  __memcpy_eds_3
                  0x0017ea                  __memcpy_eds
 .libc._memchr_eds
                  0x00183c         0x36 c:/program files/microchip/xc16/v1.61/bin/bin/../../lib\liblega-pic30-elf.a(memchr_edsda.Leo)
                  0x00183c                  __memchr_eds
 .libm.divsi3     0x001872         0x1e c:/program files/microchip/xc16/v1.61/bin/bin/../../lib\libm-elf.a(divsi3.daeo)
                  0x001872                  ___divsi3
 .libm.udivsi3    0x001890         0x20 c:/program files/microchip/xc16/v1.61/bin/bin/../../lib\libm-elf.a(udivsi3.daeo)
                  0x001890                  ___udivsi3
 .libm.umodsi3    0x0018b0          0x6 c:/program files/microchip/xc16/v1.61/bin/bin/../../lib\libm-elf.a(umodsi3.daeo)
                  0x0018b0                  ___umodsi3
 .libm.mulsi3     0x0018b6          0xc c:/program files/microchip/xc16/v1.61/bin/bin/../../lib\libm-elf.a(mulsi3.daeo)
                  0x0018b6                  ___mulp32peds3
                  0x0018b6                  ___mulsi3
                  0x0018b6                  ___mulp32eds3
 .libm.__PplusBdi
                  0x0018c2         0x26 c:/program files/microchip/xc16/v1.61/bin/bin/../../lib\libm-elf.a(divmoddi3.daeo)
 .libm.__PminusBdi
                  0x0018e8         0x26 c:/program files/microchip/xc16/v1.61/bin/bin/../../lib\libm-elf.a(divmoddi3.daeo)
 .libm.__udivmoddi3
                  0x00190e         0xe6 c:/program files/microchip/xc16/v1.61/bin/bin/../../lib\libm-elf.a(divmoddi3.daeo)
                  0x00190e                  ___udivmoddi3
 .libm.__udivdi3
                  0x0019f4          0xe c:/program files/microchip/xc16/v1.61/bin/bin/../../lib\libm-elf.a(divmoddi3.daeo)
                  0x0019f4                  ___udivdi3
 .libm.__umoddi3
                  0x001a02          0x8 c:/program files/microchip/xc16/v1.61/bin/bin/../../lib\libm-elf.a(divmoddi3.daeo)
                  0x001a02                  ___umoddi3
 .libm.__divdi3
                  0x001a0a         0x60 c:/program files/microchip/xc16/v1.61/bin/bin/../../lib\libm-elf.a(divmoddi3.daeo)
                  0x001a0a                  ___divdi3
 .libm.__moddi3
                  0x001a6a         0x5c c:/program files/microchip/xc16/v1.61/bin/bin/../../lib\libm-elf.a(divmoddi3.daeo)
                  0x001a6a                  ___moddi3

usercode
 *(usercode)

__FSEC            0x02af00          0x2
 *(__FSEC.sec*)
 __FSEC.sec       0x02af00          0x2 /CW/_FSEC
                  0x02af00                  __FSEC.sec

__FBSLIM
 *(__FBSLIM.sec*)

__FSIGN
 *(__FSIGN.sec*)

__FOSCSEL
 *(__FOSCSEL.sec*)

__FOSC
 *(__FOSC.sec*)

__FWDT
 *(__FWDT.sec*)

__FPOR
 *(__FPOR.sec*)

__FICD
 *(__FICD.sec*)

__FDEVOPT1
 *(__FDEVOPT1.sec*)

.comment          0x000000         0x5e
 *(.comment)
 .comment         0x000000         0x5e c:/program files/microchip/xc16/v1.61/bin/bin/../../lib\liblega-c-elf.a(xfiles.DA_elo)

.debug_info       0x000000       0x92bd
 *(.debug_info)
 .debug_info      0x000000        0x6d8 build/default/debug/mcc_generated_files/pin_manager.o
 .debug_info      0x0006d8        0x37b build/default/debug/mcc_generated_files/clock.o
 .debug_info      0x000a53        0x436 build/default/debug/mcc_generated_files/traps.o
 .debug_info      0x000e89        0xecd build/default/debug/mcc_generated_files/interrupt_manager.o
 .debug_info      0x001d56        0xa48 build/default/debug/mcc_generated_files/tmr2.o
 .debug_info      0x00279e       0x1018 build/default/debug/mcc_generated_files/uart2.o
 .debug_info      0x0037b6       0x10fe build/default/debug/mcc_generated_files/uart1.o
 .debug_info      0x0048b4        0x95a build/default/debug/mcc_generated_files/spi1.o
 .debug_info      0x00520e        0x353 build/default/debug/mcc_generated_files/system.o
 .debug_info      0x005561       0x1014 build/default/debug/mcc_generated_files/i2c1.o
 .debug_info      0x006575        0x9b6 build/default/debug/mcc_generated_files/tmr1.o
 .debug_info      0x006f2b        0x216 build/default/debug/main.o
 .debug_info      0x007141        0x2c3 build/default/debug/stateTaskHandler.o
 .debug_info      0x007404       0x1a0d build/default/debug/baseSW.o
 .debug_info      0x008e11        0x4ac build/default/debug/EEPROM_driver.o
 *(.gnu.linkonce.wi.*)

.debug_abbrev     0x000000       0x1358
 *(.debug_abbrev)
 .debug_abbrev    0x000000         0x9b build/default/debug/mcc_generated_files/pin_manager.o
 .debug_abbrev    0x00009b         0x6a build/default/debug/mcc_generated_files/clock.o
 .debug_abbrev    0x000105        0x100 build/default/debug/mcc_generated_files/traps.o
 .debug_abbrev    0x000205         0xb4 build/default/debug/mcc_generated_files/interrupt_manager.o
 .debug_abbrev    0x0002b9        0x1a2 build/default/debug/mcc_generated_files/tmr2.o
 .debug_abbrev    0x00045b        0x240 build/default/debug/mcc_generated_files/uart2.o
 .debug_abbrev    0x00069b          0x1 build/default/debug/mcc_generated_files/mcc.o
 .debug_abbrev    0x00069c        0x240 build/default/debug/mcc_generated_files/uart1.o
 .debug_abbrev    0x0008dc        0x147 build/default/debug/mcc_generated_files/spi1.o
 .debug_abbrev    0x000a23         0xb4 build/default/debug/mcc_generated_files/system.o
 .debug_abbrev    0x000ad7        0x232 build/default/debug/mcc_generated_files/i2c1.o
 .debug_abbrev    0x000d09        0x1a2 build/default/debug/mcc_generated_files/tmr1.o
 .debug_abbrev    0x000eab         0x8c build/default/debug/main.o
 .debug_abbrev    0x000f37         0xb7 build/default/debug/stateTaskHandler.o
 .debug_abbrev    0x000fee        0x285 build/default/debug/baseSW.o
 .debug_abbrev    0x001273         0xe5 build/default/debug/EEPROM_driver.o

.debug_line       0x000000       0x1681
 *(.debug_line)
 .debug_line      0x000000        0x139 build/default/debug/mcc_generated_files/pin_manager.o
 .debug_line      0x000139        0x12b build/default/debug/mcc_generated_files/clock.o
 .debug_line      0x000264        0x150 build/default/debug/mcc_generated_files/traps.o
 .debug_line      0x0003b4        0x130 build/default/debug/mcc_generated_files/interrupt_manager.o
 .debug_line      0x0004e4        0x16b build/default/debug/mcc_generated_files/tmr2.o
 .debug_line      0x00064f        0x208 build/default/debug/mcc_generated_files/uart2.o
 .debug_line      0x000857         0x1a build/default/debug/mcc_generated_files/mcc.o
 .debug_line      0x000871        0x208 build/default/debug/mcc_generated_files/uart1.o
 .debug_line      0x000a79        0x177 build/default/debug/mcc_generated_files/spi1.o
 .debug_line      0x000bf0        0x124 build/default/debug/mcc_generated_files/system.o
 .debug_line      0x000d14        0x204 build/default/debug/mcc_generated_files/i2c1.o
 .debug_line      0x000f18        0x163 build/default/debug/mcc_generated_files/tmr1.o
 .debug_line      0x00107b        0x10a build/default/debug/main.o
 .debug_line      0x001185         0x81 build/default/debug/stateTaskHandler.o
 .debug_line      0x001206        0x362 build/default/debug/baseSW.o
 .debug_line      0x001568        0x119 build/default/debug/EEPROM_driver.o

.debug_frame      0x000000       0x110c
 *(.debug_frame)
 .debug_frame     0x000000         0x2e build/default/debug/mcc_generated_files/pin_manager.o
 .debug_frame     0x00002e         0x2e build/default/debug/mcc_generated_files/clock.o
 .debug_frame     0x00005c        0x17e build/default/debug/mcc_generated_files/traps.o
 .debug_frame     0x0001da         0x2e build/default/debug/mcc_generated_files/interrupt_manager.o
 .debug_frame     0x000208        0x18a build/default/debug/mcc_generated_files/tmr2.o
 .debug_frame     0x000392        0x30a build/default/debug/mcc_generated_files/uart2.o
 .debug_frame     0x00069c        0x30a build/default/debug/mcc_generated_files/uart1.o
 .debug_frame     0x0009a6         0xca build/default/debug/mcc_generated_files/spi1.o
 .debug_frame     0x000a70         0x2e build/default/debug/mcc_generated_files/system.o
 .debug_frame     0x000a9e        0x170 build/default/debug/mcc_generated_files/i2c1.o
 .debug_frame     0x000c0e        0x18a build/default/debug/mcc_generated_files/tmr1.o
 .debug_frame     0x000d98         0x2e build/default/debug/main.o
 .debug_frame     0x000dc6         0x7c build/default/debug/stateTaskHandler.o
 .debug_frame     0x000e42        0x268 build/default/debug/baseSW.o
 .debug_frame     0x0010aa         0x62 build/default/debug/EEPROM_driver.o

.debug_str        0x000000        0x59e
 *(.debug_str)
 .debug_str       0x000000         0x56 build/default/debug/mcc_generated_files/pin_manager.o
 .debug_str       0x000056         0x12 build/default/debug/mcc_generated_files/clock.o
 .debug_str       0x000068         0x18 build/default/debug/mcc_generated_files/traps.o
 .debug_str       0x000080         0x40 build/default/debug/mcc_generated_files/interrupt_manager.o
 .debug_str       0x0000c0         0x32 build/default/debug/mcc_generated_files/tmr2.o
 .debug_str       0x0000f2         0xac build/default/debug/mcc_generated_files/uart2.o
 .debug_str       0x00019e         0xac build/default/debug/mcc_generated_files/uart1.o
 .debug_str       0x00024a         0xac build/default/debug/mcc_generated_files/spi1.o
 .debug_str       0x0002f6          0xc build/default/debug/mcc_generated_files/system.o
 .debug_str       0x000302         0x5d build/default/debug/mcc_generated_files/i2c1.o
 .debug_str       0x00035f         0x32 build/default/debug/mcc_generated_files/tmr1.o
 .debug_str       0x000391          0x9 build/default/debug/main.o
 .debug_str       0x00039a          0x9 build/default/debug/stateTaskHandler.o
 .debug_str       0x0003a3        0x1ad build/default/debug/baseSW.o
 .debug_str       0x000550         0x4e build/default/debug/EEPROM_driver.o

.debug_loc
 *(.debug_loc)

.debug_macinfo
 *(.debug_macinfo)

.debug_pubnames
                  0x000000        0xf03
 *(.debug_pubnames)
 .debug_pubnames
                  0x000000         0x2d build/default/debug/mcc_generated_files/pin_manager.o
 .debug_pubnames
                  0x00002d         0x27 build/default/debug/mcc_generated_files/clock.o
 .debug_pubnames
                  0x000054         0x7d build/default/debug/mcc_generated_files/traps.o
 .debug_pubnames
                  0x0000d1         0x2b build/default/debug/mcc_generated_files/interrupt_manager.o
 .debug_pubnames
                  0x0000fc        0x156 build/default/debug/mcc_generated_files/tmr2.o
 .debug_pubnames
                  0x000252        0x284 build/default/debug/mcc_generated_files/uart2.o
 .debug_pubnames
                  0x0004d6        0x284 build/default/debug/mcc_generated_files/uart1.o
 .debug_pubnames
                  0x00075a         0xb0 build/default/debug/mcc_generated_files/spi1.o
 .debug_pubnames
                  0x00080a         0x28 build/default/debug/mcc_generated_files/system.o
 .debug_pubnames
                  0x000832        0x103 build/default/debug/mcc_generated_files/i2c1.o
 .debug_pubnames
                  0x000935        0x156 build/default/debug/mcc_generated_files/tmr1.o
 .debug_pubnames
                  0x000a8b         0x1b build/default/debug/main.o
 .debug_pubnames
                  0x000aa6         0x5c build/default/debug/stateTaskHandler.o
 .debug_pubnames
                  0x000b02        0x3b9 build/default/debug/baseSW.o
 .debug_pubnames
                  0x000ebb         0x48 build/default/debug/EEPROM_driver.o

.debug_ranges
 *(.debug_ranges)

.debug_aranges    0x000000        0x168
 *(.debug_aranges)
 .debug_aranges
                  0x000000         0x18 build/default/debug/mcc_generated_files/pin_manager.o
 .debug_aranges
                  0x000018         0x18 build/default/debug/mcc_generated_files/clock.o
 .debug_aranges
                  0x000030         0x18 build/default/debug/mcc_generated_files/traps.o
 .debug_aranges
                  0x000048         0x18 build/default/debug/mcc_generated_files/interrupt_manager.o
 .debug_aranges
                  0x000060         0x18 build/default/debug/mcc_generated_files/tmr2.o
 .debug_aranges
                  0x000078         0x18 build/default/debug/mcc_generated_files/uart2.o
 .debug_aranges
                  0x000090         0x18 build/default/debug/mcc_generated_files/uart1.o
 .debug_aranges
                  0x0000a8         0x18 build/default/debug/mcc_generated_files/spi1.o
 .debug_aranges
                  0x0000c0         0x18 build/default/debug/mcc_generated_files/system.o
 .debug_aranges
                  0x0000d8         0x18 build/default/debug/mcc_generated_files/i2c1.o
 .debug_aranges
                  0x0000f0         0x18 build/default/debug/mcc_generated_files/tmr1.o
 .debug_aranges
                  0x000108         0x18 build/default/debug/main.o
 .debug_aranges
                  0x000120         0x18 build/default/debug/stateTaskHandler.o
 .debug_aranges
                  0x000138         0x18 build/default/debug/baseSW.o
 .debug_aranges
                  0x000150         0x18 build/default/debug/EEPROM_driver.o
                    0x0000                  WREG0 = 0x0
                    0x0000                  _WREG0 = 0x0
                    0x0002                  WREG1 = 0x2
                    0x0002                  _WREG1 = 0x2
                    0x0004                  WREG2 = 0x4
                    0x0004                  _WREG2 = 0x4
                    0x0006                  WREG3 = 0x6
                    0x0006                  _WREG3 = 0x6
                    0x0008                  WREG4 = 0x8
                    0x0008                  _WREG4 = 0x8
                    0x000a                  WREG5 = 0xa
                    0x000a                  _WREG5 = 0xa
                    0x000c                  WREG6 = 0xc
                    0x000c                  _WREG6 = 0xc
                    0x000e                  WREG7 = 0xe
                    0x000e                  _WREG7 = 0xe
                    0x0010                  WREG8 = 0x10
                    0x0010                  _WREG8 = 0x10
                    0x0012                  WREG9 = 0x12
                    0x0012                  _WREG9 = 0x12
                    0x0014                  WREG10 = 0x14
                    0x0014                  _WREG10 = 0x14
                    0x0016                  WREG11 = 0x16
                    0x0016                  _WREG11 = 0x16
                    0x0018                  WREG12 = 0x18
                    0x0018                  _WREG12 = 0x18
                    0x001a                  WREG13 = 0x1a
                    0x001a                  _WREG13 = 0x1a
                    0x001c                  WREG14 = 0x1c
                    0x001c                  _WREG14 = 0x1c
                    0x001e                  WREG15 = 0x1e
                    0x001e                  _WREG15 = 0x1e
                    0x0020                  SPLIM = 0x20
                    0x0020                  _SPLIM = 0x20
                    0x002e                  PCL = 0x2e
                    0x002e                  _PCL = 0x2e
                    0x0030                  PCH = 0x30
                    0x0030                  _PCH = 0x30
                    0x0032                  DSRPAG = 0x32
                    0x0032                  _DSRPAG = 0x32
                    0x0032                  _DSRPAGbits = 0x32
                    0x0034                  DSWPAG = 0x34
                    0x0034                  _DSWPAG = 0x34
                    0x0034                  _DSWPAGbits = 0x34
                    0x0036                  RCOUNT = 0x36
                    0x0036                  _RCOUNT = 0x36
                    0x0042                  SR = 0x42
                    0x0042                  _SR = 0x42
                    0x0042                  _SRbits = 0x42
                    0x0044                  CORCON = 0x44
                    0x0044                  _CORCON = 0x44
                    0x0044                  _CORCONbits = 0x44
                    0x0052                  DISICNT = 0x52
                    0x0052                  _DISICNT = 0x52
                    0x0052                  _DISICNTbits = 0x52
                    0x0054                  TBLPAG = 0x54
                    0x0054                  _TBLPAG = 0x54
                    0x0054                  _TBLPAGbits = 0x54
                    0x0080                  INTCON1 = 0x80
                    0x0080                  _INTCON1 = 0x80
                    0x0080                  _INTCON1bits = 0x80
                    0x0082                  INTCON2 = 0x82
                    0x0082                  _INTCON2 = 0x82
                    0x0082                  _INTCON2bits = 0x82
                    0x0086                  INTCON4 = 0x86
                    0x0086                  _INTCON4 = 0x86
                    0x0086                  _INTCON4bits = 0x86
                    0x0088                  IFS0 = 0x88
                    0x0088                  _IFS0 = 0x88
                    0x0088                  _IFS0bits = 0x88
                    0x008a                  IFS1 = 0x8a
                    0x008a                  _IFS1 = 0x8a
                    0x008a                  _IFS1bits = 0x8a
                    0x008c                  IFS2 = 0x8c
                    0x008c                  _IFS2 = 0x8c
                    0x008c                  _IFS2bits = 0x8c
                    0x008e                  IFS3 = 0x8e
                    0x008e                  _IFS3 = 0x8e
                    0x008e                  _IFS3bits = 0x8e
                    0x0090                  IFS4 = 0x90
                    0x0090                  _IFS4 = 0x90
                    0x0090                  _IFS4bits = 0x90
                    0x0092                  IFS5 = 0x92
                    0x0092                  _IFS5 = 0x92
                    0x0092                  _IFS5bits = 0x92
                    0x0094                  IFS6 = 0x94
                    0x0094                  _IFS6 = 0x94
                    0x0094                  _IFS6bits = 0x94
                    0x0096                  IFS7 = 0x96
                    0x0096                  _IFS7 = 0x96
                    0x0096                  _IFS7bits = 0x96
                    0x0098                  IEC0 = 0x98
                    0x0098                  _IEC0 = 0x98
                    0x0098                  _IEC0bits = 0x98
                    0x009a                  IEC1 = 0x9a
                    0x009a                  _IEC1 = 0x9a
                    0x009a                  _IEC1bits = 0x9a
                    0x009c                  IEC2 = 0x9c
                    0x009c                  _IEC2 = 0x9c
                    0x009c                  _IEC2bits = 0x9c
                    0x009e                  IEC3 = 0x9e
                    0x009e                  _IEC3 = 0x9e
                    0x009e                  _IEC3bits = 0x9e
                    0x00a0                  IEC4 = 0xa0
                    0x00a0                  _IEC4 = 0xa0
                    0x00a0                  _IEC4bits = 0xa0
                    0x00a2                  IEC5 = 0xa2
                    0x00a2                  _IEC5 = 0xa2
                    0x00a2                  _IEC5bits = 0xa2
                    0x00a4                  IEC6 = 0xa4
                    0x00a4                  _IEC6 = 0xa4
                    0x00a4                  _IEC6bits = 0xa4
                    0x00a6                  IEC7 = 0xa6
                    0x00a6                  _IEC7 = 0xa6
                    0x00a6                  _IEC7bits = 0xa6
                    0x00a8                  IPC0 = 0xa8
                    0x00a8                  _IPC0 = 0xa8
                    0x00a8                  _IPC0bits = 0xa8
                    0x00aa                  IPC1 = 0xaa
                    0x00aa                  _IPC1 = 0xaa
                    0x00aa                  _IPC1bits = 0xaa
                    0x00ac                  IPC2 = 0xac
                    0x00ac                  _IPC2 = 0xac
                    0x00ac                  _IPC2bits = 0xac
                    0x00ae                  IPC3 = 0xae
                    0x00ae                  _IPC3 = 0xae
                    0x00ae                  _IPC3bits = 0xae
                    0x00b0                  IPC4 = 0xb0
                    0x00b0                  _IPC4 = 0xb0
                    0x00b0                  _IPC4bits = 0xb0
                    0x00b2                  IPC5 = 0xb2
                    0x00b2                  _IPC5 = 0xb2
                    0x00b2                  _IPC5bits = 0xb2
                    0x00b4                  IPC6 = 0xb4
                    0x00b4                  _IPC6 = 0xb4
                    0x00b4                  _IPC6bits = 0xb4
                    0x00b6                  IPC7 = 0xb6
                    0x00b6                  _IPC7 = 0xb6
                    0x00b6                  _IPC7bits = 0xb6
                    0x00b8                  IPC8 = 0xb8
                    0x00b8                  _IPC8 = 0xb8
                    0x00b8                  _IPC8bits = 0xb8
                    0x00ba                  IPC9 = 0xba
                    0x00ba                  _IPC9 = 0xba
                    0x00ba                  _IPC9bits = 0xba
                    0x00bc                  IPC10 = 0xbc
                    0x00bc                  _IPC10 = 0xbc
                    0x00bc                  _IPC10bits = 0xbc
                    0x00be                  IPC11 = 0xbe
                    0x00be                  _IPC11 = 0xbe
                    0x00be                  _IPC11bits = 0xbe
                    0x00c0                  IPC12 = 0xc0
                    0x00c0                  _IPC12 = 0xc0
                    0x00c0                  _IPC12bits = 0xc0
                    0x00c2                  IPC13 = 0xc2
                    0x00c2                  _IPC13 = 0xc2
                    0x00c2                  _IPC13bits = 0xc2
                    0x00c4                  IPC14 = 0xc4
                    0x00c4                  _IPC14 = 0xc4
                    0x00c4                  _IPC14bits = 0xc4
                    0x00c6                  IPC15 = 0xc6
                    0x00c6                  _IPC15 = 0xc6
                    0x00c6                  _IPC15bits = 0xc6
                    0x00c8                  IPC16 = 0xc8
                    0x00c8                  _IPC16 = 0xc8
                    0x00c8                  _IPC16bits = 0xc8
                    0x00ca                  IPC17 = 0xca
                    0x00ca                  _IPC17 = 0xca
                    0x00ca                  _IPC17bits = 0xca
                    0x00cc                  IPC18 = 0xcc
                    0x00cc                  _IPC18 = 0xcc
                    0x00cc                  _IPC18bits = 0xcc
                    0x00ce                  IPC19 = 0xce
                    0x00ce                  _IPC19 = 0xce
                    0x00ce                  _IPC19bits = 0xce
                    0x00d0                  IPC20 = 0xd0
                    0x00d0                  _IPC20 = 0xd0
                    0x00d0                  _IPC20bits = 0xd0
                    0x00d2                  IPC21 = 0xd2
                    0x00d2                  _IPC21 = 0xd2
                    0x00d2                  _IPC21bits = 0xd2
                    0x00d4                  IPC22 = 0xd4
                    0x00d4                  _IPC22 = 0xd4
                    0x00d4                  _IPC22bits = 0xd4
                    0x00d6                  IPC23 = 0xd6
                    0x00d6                  _IPC23 = 0xd6
                    0x00d6                  _IPC23bits = 0xd6
                    0x00d8                  IPC24 = 0xd8
                    0x00d8                  _IPC24 = 0xd8
                    0x00d8                  _IPC24bits = 0xd8
                    0x00da                  IPC25 = 0xda
                    0x00da                  _IPC25 = 0xda
                    0x00da                  _IPC25bits = 0xda
                    0x00dc                  IPC26 = 0xdc
                    0x00dc                  _IPC26 = 0xdc
                    0x00dc                  _IPC26bits = 0xdc
                    0x00de                  IPC27 = 0xde
                    0x00de                  _IPC27 = 0xde
                    0x00de                  _IPC27bits = 0xde
                    0x00e0                  IPC28 = 0xe0
                    0x00e0                  _IPC28 = 0xe0
                    0x00e0                  _IPC28bits = 0xe0
                    0x00e2                  IPC29 = 0xe2
                    0x00e2                  _IPC29 = 0xe2
                    0x00e2                  _IPC29bits = 0xe2
                    0x00e4                  INTTREG = 0xe4
                    0x00e4                  _INTTREG = 0xe4
                    0x00e4                  _INTTREGbits = 0xe4
                    0x0100                  OSCCON = 0x100
                    0x0100                  _OSCCON = 0x100
                    0x0100                  _OSCCONbits = 0x100
                    0x0100                  OSCCONL = 0x100
                    0x0100                  _OSCCONL = 0x100
                    0x0101                  OSCCONH = 0x101
                    0x0101                  _OSCCONH = 0x101
                    0x0102                  CLKDIV = 0x102
                    0x0102                  _CLKDIV = 0x102
                    0x0102                  _CLKDIVbits = 0x102
                    0x0106                  OSCTUN = 0x106
                    0x0106                  _OSCTUN = 0x106
                    0x0106                  _OSCTUNbits = 0x106
                    0x0108                  DCOTUN = 0x108
                    0x0108                  _DCOTUN = 0x108
                    0x0108                  _DCOTUNbits = 0x108
                    0x010a                  DCOCON = 0x10a
                    0x010a                  _DCOCON = 0x10a
                    0x010a                  _DCOCONbits = 0x10a
                    0x010c                  OSCDIV = 0x10c
                    0x010c                  _OSCDIV = 0x10c
                    0x010c                  _OSCDIVbits = 0x10c
                    0x010e                  OSCFDIV = 0x10e
                    0x010e                  _OSCFDIV = 0x10e
                    0x010e                  _OSCFDIVbits = 0x10e
                    0x0110                  RCON = 0x110
                    0x0110                  _RCON = 0x110
                    0x0110                  _RCONbits = 0x110
                    0x0114                  HLVDCON = 0x114
                    0x0114                  _HLVDCON = 0x114
                    0x0114                  _HLVDCONbits = 0x114
                    0x0158                  CRCCON1 = 0x158
                    0x0158                  _CRCCON1 = 0x158
                    0x0158                  _CRCCON1bits = 0x158
                    0x015a                  CRCCON2 = 0x15a
                    0x015a                  _CRCCON2 = 0x15a
                    0x015a                  _CRCCON2bits = 0x15a
                    0x015c                  CRCXORL = 0x15c
                    0x015c                  _CRCXORL = 0x15c
                    0x015c                  _CRCXORLbits = 0x15c
                    0x015e                  CRCXORH = 0x15e
                    0x015e                  _CRCXORH = 0x15e
                    0x015e                  _CRCXORHbits = 0x15e
                    0x0160                  CRCDAT = 0x160
                    0x0160                  _CRCDAT = 0x160
                    0x0160                  CRCDATL = 0x160
                    0x0160                  _CRCDATL = 0x160
                    0x0162                  CRCDATH = 0x162
                    0x0162                  _CRCDATH = 0x162
                    0x0164                  CRCWDAT = 0x164
                    0x0164                  _CRCWDAT = 0x164
                    0x0164                  CRCWDATL = 0x164
                    0x0164                  _CRCWDATL = 0x164
                    0x0166                  CRCWDATH = 0x166
                    0x0166                  _CRCWDATH = 0x166
                    0x0168                  REFOCON1 = 0x168
                    0x0168                  _REFOCON1 = 0x168
                    0x0168                  _REFOCON1bits = 0x168
                    0x0168                  REFOCONL = 0x168
                    0x0168                  _REFOCONL = 0x168
                    0x0168                  _REFOCONLbits = 0x168
                    0x016a                  REFOCON2 = 0x16a
                    0x016a                  _REFOCON2 = 0x16a
                    0x016a                  _REFOCON2bits = 0x16a
                    0x016a                  REFOCONH = 0x16a
                    0x016a                  _REFOCONH = 0x16a
                    0x016a                  _REFOCONHbits = 0x16a
                    0x0178                  PMD1 = 0x178
                    0x0178                  _PMD1 = 0x178
                    0x0178                  _PMD1bits = 0x178
                    0x017a                  PMD2 = 0x17a
                    0x017a                  _PMD2 = 0x17a
                    0x017a                  _PMD2bits = 0x17a
                    0x017c                  PMD3 = 0x17c
                    0x017c                  _PMD3 = 0x17c
                    0x017c                  _PMD3bits = 0x17c
                    0x017e                  PMD4 = 0x17e
                    0x017e                  _PMD4 = 0x17e
                    0x017e                  _PMD4bits = 0x17e
                    0x0180                  PMD5 = 0x180
                    0x0180                  _PMD5 = 0x180
                    0x0180                  _PMD5bits = 0x180
                    0x0182                  PMD6 = 0x182
                    0x0182                  _PMD6 = 0x182
                    0x0182                  _PMD6bits = 0x182
                    0x0184                  PMD7 = 0x184
                    0x0184                  _PMD7 = 0x184
                    0x0184                  _PMD7bits = 0x184
                    0x0186                  PMD8 = 0x186
                    0x0186                  _PMD8 = 0x186
                    0x0186                  _PMD8bits = 0x186
                    0x0190                  TMR1 = 0x190
                    0x0190                  _TMR1 = 0x190
                    0x0192                  PR1 = 0x192
                    0x0192                  _PR1 = 0x192
                    0x0194                  T1CON = 0x194
                    0x0194                  _T1CON = 0x194
                    0x0194                  _T1CONbits = 0x194
                    0x0196                  TMR2 = 0x196
                    0x0196                  _TMR2 = 0x196
                    0x0198                  TMR3HLD = 0x198
                    0x0198                  _TMR3HLD = 0x198
                    0x019a                  TMR3 = 0x19a
                    0x019a                  _TMR3 = 0x19a
                    0x019c                  PR2 = 0x19c
                    0x019c                  _PR2 = 0x19c
                    0x019e                  PR3 = 0x19e
                    0x019e                  _PR3 = 0x19e
                    0x01a0                  T2CON = 0x1a0
                    0x01a0                  _T2CON = 0x1a0
                    0x01a0                  _T2CONbits = 0x1a0
                    0x01a2                  T3CON = 0x1a2
                    0x01a2                  _T3CON = 0x1a2
                    0x01a2                  _T3CONbits = 0x1a2
                    0x01c0                  CTMUCON1L = 0x1c0
                    0x01c0                  _CTMUCON1L = 0x1c0
                    0x01c0                  _CTMUCON1Lbits = 0x1c0
                    0x01c2                  CTMUCON1H = 0x1c2
                    0x01c2                  _CTMUCON1H = 0x1c2
                    0x01c2                  _CTMUCON1Hbits = 0x1c2
                    0x01c4                  CTMUCON2L = 0x1c4
                    0x01c4                  _CTMUCON2L = 0x1c4
                    0x01c4                  _CTMUCON2Lbits = 0x1c4
                    0x01cc                  RTCCON1L = 0x1cc
                    0x01cc                  _RTCCON1L = 0x1cc
                    0x01cc                  _RTCCON1Lbits = 0x1cc
                    0x01ce                  RTCCON1H = 0x1ce
                    0x01ce                  _RTCCON1H = 0x1ce
                    0x01ce                  _RTCCON1Hbits = 0x1ce
                    0x01d0                  RTCCON2L = 0x1d0
                    0x01d0                  _RTCCON2L = 0x1d0
                    0x01d0                  _RTCCON2Lbits = 0x1d0
                    0x01d2                  RTCCON2H = 0x1d2
                    0x01d2                  _RTCCON2H = 0x1d2
                    0x01d4                  RTCCON3L = 0x1d4
                    0x01d4                  _RTCCON3L = 0x1d4
                    0x01d4                  _RTCCON3Lbits = 0x1d4
                    0x01d8                  RTCSTATL = 0x1d8
                    0x01d8                  _RTCSTATL = 0x1d8
                    0x01d8                  _RTCSTATLbits = 0x1d8
                    0x01dc                  TIMEL = 0x1dc
                    0x01dc                  _TIMEL = 0x1dc
                    0x01dc                  _TIMELbits = 0x1dc
                    0x01de                  TIMEH = 0x1de
                    0x01de                  _TIMEH = 0x1de
                    0x01de                  _TIMEHbits = 0x1de
                    0x01e0                  DATEL = 0x1e0
                    0x01e0                  _DATEL = 0x1e0
                    0x01e0                  _DATELbits = 0x1e0
                    0x01e2                  DATEH = 0x1e2
                    0x01e2                  _DATEH = 0x1e2
                    0x01e2                  _DATEHbits = 0x1e2
                    0x01e4                  ALMTIMEL = 0x1e4
                    0x01e4                  _ALMTIMEL = 0x1e4
                    0x01e4                  _ALMTIMELbits = 0x1e4
                    0x01e6                  ALMTIMEH = 0x1e6
                    0x01e6                  _ALMTIMEH = 0x1e6
                    0x01e6                  _ALMTIMEHbits = 0x1e6
                    0x01e8                  ALMDATEL = 0x1e8
                    0x01e8                  _ALMDATEL = 0x1e8
                    0x01e8                  _ALMDATELbits = 0x1e8
                    0x01ea                  ALMDATEH = 0x1ea
                    0x01ea                  _ALMDATEH = 0x1ea
                    0x01ea                  _ALMDATEHbits = 0x1ea
                    0x01ec                  TSATIMEL = 0x1ec
                    0x01ec                  _TSATIMEL = 0x1ec
                    0x01ec                  _TSATIMELbits = 0x1ec
                    0x01ee                  TSATIMEH = 0x1ee
                    0x01ee                  _TSATIMEH = 0x1ee
                    0x01ee                  _TSATIMEHbits = 0x1ee
                    0x01f0                  TSADATEL = 0x1f0
                    0x01f0                  _TSADATEL = 0x1f0
                    0x01f0                  _TSADATELbits = 0x1f0
                    0x01f2                  TSADATEH = 0x1f2
                    0x01f2                  _TSADATEH = 0x1f2
                    0x01f2                  _TSADATEHbits = 0x1f2
                    0x0200                  IC1CON1 = 0x200
                    0x0200                  _IC1CON1 = 0x200
                    0x0200                  _IC1CON1bits = 0x200
                    0x0202                  IC1CON2 = 0x202
                    0x0202                  _IC1CON2 = 0x202
                    0x0202                  _IC1CON2bits = 0x202
                    0x0204                  IC1BUF = 0x204
                    0x0204                  _IC1BUF = 0x204
                    0x0206                  IC1TMR = 0x206
                    0x0206                  _IC1TMR = 0x206
                    0x0208                  IC2CON1 = 0x208
                    0x0208                  _IC2CON1 = 0x208
                    0x0208                  _IC2CON1bits = 0x208
                    0x020a                  IC2CON2 = 0x20a
                    0x020a                  _IC2CON2 = 0x20a
                    0x020a                  _IC2CON2bits = 0x20a
                    0x020c                  IC2BUF = 0x20c
                    0x020c                  _IC2BUF = 0x20c
                    0x020e                  IC2TMR = 0x20e
                    0x020e                  _IC2TMR = 0x20e
                    0x0210                  IC3CON1 = 0x210
                    0x0210                  _IC3CON1 = 0x210
                    0x0210                  _IC3CON1bits = 0x210
                    0x0212                  IC3CON2 = 0x212
                    0x0212                  _IC3CON2 = 0x212
                    0x0212                  _IC3CON2bits = 0x212
                    0x0214                  IC3BUF = 0x214
                    0x0214                  _IC3BUF = 0x214
                    0x0216                  IC3TMR = 0x216
                    0x0216                  _IC3TMR = 0x216
                    0x0230                  OC1CON1 = 0x230
                    0x0230                  _OC1CON1 = 0x230
                    0x0230                  _OC1CON1bits = 0x230
                    0x0232                  OC1CON2 = 0x232
                    0x0232                  _OC1CON2 = 0x232
                    0x0232                  _OC1CON2bits = 0x232
                    0x0234                  OC1RS = 0x234
                    0x0234                  _OC1RS = 0x234
                    0x0236                  OC1R = 0x236
                    0x0236                  _OC1R = 0x236
                    0x0238                  OC1TMR = 0x238
                    0x0238                  _OC1TMR = 0x238
                    0x023a                  OC2CON1 = 0x23a
                    0x023a                  _OC2CON1 = 0x23a
                    0x023a                  _OC2CON1bits = 0x23a
                    0x023c                  OC2CON2 = 0x23c
                    0x023c                  _OC2CON2 = 0x23c
                    0x023c                  _OC2CON2bits = 0x23c
                    0x023e                  OC2RS = 0x23e
                    0x023e                  _OC2RS = 0x23e
                    0x0240                  OC2R = 0x240
                    0x0240                  _OC2R = 0x240
                    0x0242                  OC2TMR = 0x242
                    0x0242                  _OC2TMR = 0x242
                    0x0244                  OC3CON1 = 0x244
                    0x0244                  _OC3CON1 = 0x244
                    0x0244                  _OC3CON1bits = 0x244
                    0x0246                  OC3CON2 = 0x246
                    0x0246                  _OC3CON2 = 0x246
                    0x0246                  _OC3CON2bits = 0x246
                    0x0248                  OC3RS = 0x248
                    0x0248                  _OC3RS = 0x248
                    0x024a                  OC3R = 0x24a
                    0x024a                  _OC3R = 0x24a
                    0x024c                  OC3TMR = 0x24c
                    0x024c                  _OC3TMR = 0x24c
                    0x026c                  CCP1CON1L = 0x26c
                    0x026c                  _CCP1CON1L = 0x26c
                    0x026c                  _CCP1CON1Lbits = 0x26c
                    0x026e                  CCP1CON1H = 0x26e
                    0x026e                  _CCP1CON1H = 0x26e
                    0x026e                  _CCP1CON1Hbits = 0x26e
                    0x0270                  CCP1CON2L = 0x270
                    0x0270                  _CCP1CON2L = 0x270
                    0x0270                  _CCP1CON2Lbits = 0x270
                    0x0272                  CCP1CON2H = 0x272
                    0x0272                  _CCP1CON2H = 0x272
                    0x0272                  _CCP1CON2Hbits = 0x272
                    0x0274                  CCP1CON3L = 0x274
                    0x0274                  _CCP1CON3L = 0x274
                    0x0274                  _CCP1CON3Lbits = 0x274
                    0x0276                  CCP1CON3H = 0x276
                    0x0276                  _CCP1CON3H = 0x276
                    0x0276                  _CCP1CON3Hbits = 0x276
                    0x0278                  CCP1STAT = 0x278
                    0x0278                  _CCP1STAT = 0x278
                    0x0278                  _CCP1STATbits = 0x278
                    0x0278                  CCP1STATL = 0x278
                    0x0278                  _CCP1STATL = 0x278
                    0x0278                  _CCP1STATLbits = 0x278
                    0x027a                  CCP1STATH = 0x27a
                    0x027a                  _CCP1STATH = 0x27a
                    0x027a                  _CCP1STATHbits = 0x27a
                    0x027c                  CCP1TMRL = 0x27c
                    0x027c                  _CCP1TMRL = 0x27c
                    0x027e                  CCP1TMRH = 0x27e
                    0x027e                  _CCP1TMRH = 0x27e
                    0x0280                  CCP1PRL = 0x280
                    0x0280                  _CCP1PRL = 0x280
                    0x0282                  CCP1PRH = 0x282
                    0x0282                  _CCP1PRH = 0x282
                    0x0284                  CCP1RA = 0x284
                    0x0284                  _CCP1RA = 0x284
                    0x0284                  CCP1RAL = 0x284
                    0x0284                  _CCP1RAL = 0x284
                    0x0286                  CCP1RAH = 0x286
                    0x0286                  _CCP1RAH = 0x286
                    0x0288                  CCP1RB = 0x288
                    0x0288                  _CCP1RB = 0x288
                    0x0288                  CCP1RBL = 0x288
                    0x0288                  _CCP1RBL = 0x288
                    0x028a                  CCP1RBH = 0x28a
                    0x028a                  _CCP1RBH = 0x28a
                    0x028c                  CCP1BUFL = 0x28c
                    0x028c                  _CCP1BUFL = 0x28c
                    0x028e                  CCP1BUFH = 0x28e
                    0x028e                  _CCP1BUFH = 0x28e
                    0x0290                  CCP2CON1L = 0x290
                    0x0290                  _CCP2CON1L = 0x290
                    0x0290                  _CCP2CON1Lbits = 0x290
                    0x0292                  CCP2CON1H = 0x292
                    0x0292                  _CCP2CON1H = 0x292
                    0x0292                  _CCP2CON1Hbits = 0x292
                    0x0294                  CCP2CON2L = 0x294
                    0x0294                  _CCP2CON2L = 0x294
                    0x0294                  _CCP2CON2Lbits = 0x294
                    0x0296                  CCP2CON2H = 0x296
                    0x0296                  _CCP2CON2H = 0x296
                    0x0296                  _CCP2CON2Hbits = 0x296
                    0x029a                  CCP2CON3H = 0x29a
                    0x029a                  _CCP2CON3H = 0x29a
                    0x029a                  _CCP2CON3Hbits = 0x29a
                    0x029c                  CCP2STAT = 0x29c
                    0x029c                  _CCP2STAT = 0x29c
                    0x029c                  _CCP2STATbits = 0x29c
                    0x029c                  CCP2STATL = 0x29c
                    0x029c                  _CCP2STATL = 0x29c
                    0x029c                  _CCP2STATLbits = 0x29c
                    0x029e                  CCP2STATH = 0x29e
                    0x029e                  _CCP2STATH = 0x29e
                    0x029e                  _CCP2STATHbits = 0x29e
                    0x02a0                  CCP2TMRL = 0x2a0
                    0x02a0                  _CCP2TMRL = 0x2a0
                    0x02a2                  CCP2TMRH = 0x2a2
                    0x02a2                  _CCP2TMRH = 0x2a2
                    0x02a4                  CCP2PRL = 0x2a4
                    0x02a4                  _CCP2PRL = 0x2a4
                    0x02a6                  CCP2PRH = 0x2a6
                    0x02a6                  _CCP2PRH = 0x2a6
                    0x02a8                  CCP2RA = 0x2a8
                    0x02a8                  _CCP2RA = 0x2a8
                    0x02a8                  CCP2RAL = 0x2a8
                    0x02a8                  _CCP2RAL = 0x2a8
                    0x02aa                  CCP2RAH = 0x2aa
                    0x02aa                  _CCP2RAH = 0x2aa
                    0x02ac                  CCP2RB = 0x2ac
                    0x02ac                  _CCP2RB = 0x2ac
                    0x02ac                  CCP2RBL = 0x2ac
                    0x02ac                  _CCP2RBL = 0x2ac
                    0x02ae                  CCP2RBH = 0x2ae
                    0x02ae                  _CCP2RBH = 0x2ae
                    0x02b0                  CCP2BUFL = 0x2b0
                    0x02b0                  _CCP2BUFL = 0x2b0
                    0x02b2                  CCP2BUFH = 0x2b2
                    0x02b2                  _CCP2BUFH = 0x2b2
                    0x02b4                  CCP3CON1L = 0x2b4
                    0x02b4                  _CCP3CON1L = 0x2b4
                    0x02b4                  _CCP3CON1Lbits = 0x2b4
                    0x02b6                  CCP3CON1H = 0x2b6
                    0x02b6                  _CCP3CON1H = 0x2b6
                    0x02b6                  _CCP3CON1Hbits = 0x2b6
                    0x02b8                  CCP3CON2L = 0x2b8
                    0x02b8                  _CCP3CON2L = 0x2b8
                    0x02b8                  _CCP3CON2Lbits = 0x2b8
                    0x02ba                  CCP3CON2H = 0x2ba
                    0x02ba                  _CCP3CON2H = 0x2ba
                    0x02ba                  _CCP3CON2Hbits = 0x2ba
                    0x02be                  CCP3CON3H = 0x2be
                    0x02be                  _CCP3CON3H = 0x2be
                    0x02be                  _CCP3CON3Hbits = 0x2be
                    0x02c0                  CCP3STAT = 0x2c0
                    0x02c0                  _CCP3STAT = 0x2c0
                    0x02c0                  _CCP3STATbits = 0x2c0
                    0x02c0                  CCP3STATL = 0x2c0
                    0x02c0                  _CCP3STATL = 0x2c0
                    0x02c0                  _CCP3STATLbits = 0x2c0
                    0x02c2                  CCP3STATH = 0x2c2
                    0x02c2                  _CCP3STATH = 0x2c2
                    0x02c2                  _CCP3STATHbits = 0x2c2
                    0x02c4                  CCP3TMRL = 0x2c4
                    0x02c4                  _CCP3TMRL = 0x2c4
                    0x02c6                  CCP3TMRH = 0x2c6
                    0x02c6                  _CCP3TMRH = 0x2c6
                    0x02c8                  CCP3PRL = 0x2c8
                    0x02c8                  _CCP3PRL = 0x2c8
                    0x02ca                  CCP3PRH = 0x2ca
                    0x02ca                  _CCP3PRH = 0x2ca
                    0x02cc                  CCP3RA = 0x2cc
                    0x02cc                  _CCP3RA = 0x2cc
                    0x02cc                  CCP3RAL = 0x2cc
                    0x02cc                  _CCP3RAL = 0x2cc
                    0x02ce                  CCP3RAH = 0x2ce
                    0x02ce                  _CCP3RAH = 0x2ce
                    0x02d0                  CCP3RB = 0x2d0
                    0x02d0                  _CCP3RB = 0x2d0
                    0x02d0                  CCP3RBL = 0x2d0
                    0x02d0                  _CCP3RBL = 0x2d0
                    0x02d2                  CCP3RBH = 0x2d2
                    0x02d2                  _CCP3RBH = 0x2d2
                    0x02d4                  CCP3BUFL = 0x2d4
                    0x02d4                  _CCP3BUFL = 0x2d4
                    0x02d6                  CCP3BUFH = 0x2d6
                    0x02d6                  _CCP3BUFH = 0x2d6
                    0x02e6                  CMSTAT = 0x2e6
                    0x02e6                  _CMSTAT = 0x2e6
                    0x02e6                  _CMSTATbits = 0x2e6
                    0x02e8                  CVRCON = 0x2e8
                    0x02e8                  _CVRCON = 0x2e8
                    0x02e8                  _CVRCONbits = 0x2e8
                    0x02ea                  CM1CON = 0x2ea
                    0x02ea                  _CM1CON = 0x2ea
                    0x02ea                  _CM1CONbits = 0x2ea
                    0x02ec                  CM2CON = 0x2ec
                    0x02ec                  _CM2CON = 0x2ec
                    0x02ec                  _CM2CONbits = 0x2ec
                    0x02ee                  CM3CON = 0x2ee
                    0x02ee                  _CM3CON = 0x2ee
                    0x02ee                  _CM3CONbits = 0x2ee
                    0x02f4                  ANCFG = 0x2f4
                    0x02f4                  _ANCFG = 0x2f4
                    0x02f4                  _ANCFGbits = 0x2f4
                    0x0300                  CCP4CON1L = 0x300
                    0x0300                  _CCP4CON1L = 0x300
                    0x0300                  _CCP4CON1Lbits = 0x300
                    0x0302                  CCP4CON1H = 0x302
                    0x0302                  _CCP4CON1H = 0x302
                    0x0302                  _CCP4CON1Hbits = 0x302
                    0x0304                  CCP4CON2L = 0x304
                    0x0304                  _CCP4CON2L = 0x304
                    0x0304                  _CCP4CON2Lbits = 0x304
                    0x0306                  CCP4CON2H = 0x306
                    0x0306                  _CCP4CON2H = 0x306
                    0x0306                  _CCP4CON2Hbits = 0x306
                    0x030a                  CCP4CON3H = 0x30a
                    0x030a                  _CCP4CON3H = 0x30a
                    0x030a                  _CCP4CON3Hbits = 0x30a
                    0x030c                  CCP4STAT = 0x30c
                    0x030c                  _CCP4STAT = 0x30c
                    0x030c                  _CCP4STATbits = 0x30c
                    0x030c                  CCP4STATL = 0x30c
                    0x030c                  _CCP4STATL = 0x30c
                    0x030c                  _CCP4STATLbits = 0x30c
                    0x030e                  CCP4STATH = 0x30e
                    0x030e                  _CCP4STATH = 0x30e
                    0x030e                  _CCP4STATHbits = 0x30e
                    0x0310                  CCP4TMRL = 0x310
                    0x0310                  _CCP4TMRL = 0x310
                    0x0312                  CCP4TMRH = 0x312
                    0x0312                  _CCP4TMRH = 0x312
                    0x0314                  CCP4PRL = 0x314
                    0x0314                  _CCP4PRL = 0x314
                    0x0316                  CCP4PRH = 0x316
                    0x0316                  _CCP4PRH = 0x316
                    0x0318                  CCP4RA = 0x318
                    0x0318                  _CCP4RA = 0x318
                    0x0318                  CCP4RAL = 0x318
                    0x0318                  _CCP4RAL = 0x318
                    0x031a                  CCP4RAH = 0x31a
                    0x031a                  _CCP4RAH = 0x31a
                    0x031c                  CCP4RB = 0x31c
                    0x031c                  _CCP4RB = 0x31c
                    0x031c                  CCP4RBL = 0x31c
                    0x031c                  _CCP4RBL = 0x31c
                    0x031e                  CCP4RBH = 0x31e
                    0x031e                  _CCP4RBH = 0x31e
                    0x0320                  CCP4BUFL = 0x320
                    0x0320                  _CCP4BUFL = 0x320
                    0x0322                  CCP4BUFH = 0x322
                    0x0322                  _CCP4BUFH = 0x322
                    0x0398                  U1MODE = 0x398
                    0x0398                  _U1MODE = 0x398
                    0x0398                  _U1MODEbits = 0x398
                    0x039a                  U1STA = 0x39a
                    0x039a                  _U1STA = 0x39a
                    0x039a                  _U1STAbits = 0x39a
                    0x039c                  U1TXREG = 0x39c
                    0x039c                  _U1TXREG = 0x39c
                    0x039c                  _U1TXREGbits = 0x39c
                    0x039e                  U1RXREG = 0x39e
                    0x039e                  _U1RXREG = 0x39e
                    0x03a0                  U1BRG = 0x3a0
                    0x03a0                  _U1BRG = 0x3a0
                    0x03a2                  U1ADMD = 0x3a2
                    0x03a2                  _U1ADMD = 0x3a2
                    0x03a2                  _U1ADMDbits = 0x3a2
                    0x03a4                  U1SCCON = 0x3a4
                    0x03a4                  _U1SCCON = 0x3a4
                    0x03a4                  _U1SCCONbits = 0x3a4
                    0x03a6                  U1SCINT = 0x3a6
                    0x03a6                  _U1SCINT = 0x3a6
                    0x03a6                  _U1SCINTbits = 0x3a6
                    0x03a8                  U1GTC = 0x3a8
                    0x03a8                  _U1GTC = 0x3a8
                    0x03a8                  _U1GTCbits = 0x3a8
                    0x03aa                  U1WTCL = 0x3aa
                    0x03aa                  _U1WTCL = 0x3aa
                    0x03aa                  _U1WTCLbits = 0x3aa
                    0x03ac                  U1WTCH = 0x3ac
                    0x03ac                  _U1WTCH = 0x3ac
                    0x03ac                  _U1WTCHbits = 0x3ac
                    0x03ae                  U2MODE = 0x3ae
                    0x03ae                  _U2MODE = 0x3ae
                    0x03ae                  _U2MODEbits = 0x3ae
                    0x03b0                  U2STA = 0x3b0
                    0x03b0                  _U2STA = 0x3b0
                    0x03b0                  _U2STAbits = 0x3b0
                    0x03b2                  U2TXREG = 0x3b2
                    0x03b2                  _U2TXREG = 0x3b2
                    0x03b2                  _U2TXREGbits = 0x3b2
                    0x03b4                  U2RXREG = 0x3b4
                    0x03b4                  _U2RXREG = 0x3b4
                    0x03b6                  U2BRG = 0x3b6
                    0x03b6                  _U2BRG = 0x3b6
                    0x03b8                  U2ADMD = 0x3b8
                    0x03b8                  _U2ADMD = 0x3b8
                    0x03b8                  _U2ADMDbits = 0x3b8
                    0x03ba                  U2SCCON = 0x3ba
                    0x03ba                  _U2SCCON = 0x3ba
                    0x03ba                  _U2SCCONbits = 0x3ba
                    0x03bc                  U2SCINT = 0x3bc
                    0x03bc                  _U2SCINT = 0x3bc
                    0x03bc                  _U2SCINTbits = 0x3bc
                    0x03be                  U2GTC = 0x3be
                    0x03be                  _U2GTC = 0x3be
                    0x03be                  _U2GTCbits = 0x3be
                    0x03c0                  U2WTCL = 0x3c0
                    0x03c0                  _U2WTCL = 0x3c0
                    0x03c0                  _U2WTCLbits = 0x3c0
                    0x03c2                  U2WTCH = 0x3c2
                    0x03c2                  _U2WTCH = 0x3c2
                    0x03c2                  _U2WTCHbits = 0x3c2
                    0x03f4                  SPI1CON1 = 0x3f4
                    0x03f4                  _SPI1CON1 = 0x3f4
                    0x03f4                  _SPI1CON1bits = 0x3f4
                    0x03f4                  SPI1CON1L = 0x3f4
                    0x03f4                  _SPI1CON1L = 0x3f4
                    0x03f4                  _SPI1CON1Lbits = 0x3f4
                    0x03f6                  SPI1CON1H = 0x3f6
                    0x03f6                  _SPI1CON1H = 0x3f6
                    0x03f6                  _SPI1CON1Hbits = 0x3f6
                    0x03f6                  SPI1CON2 = 0x3f6
                    0x03f6                  _SPI1CON2 = 0x3f6
                    0x03f6                  _SPI1CON2bits = 0x3f6
                    0x03f8                  SPI1CON2L = 0x3f8
                    0x03f8                  _SPI1CON2L = 0x3f8
                    0x03f8                  _SPI1CON2Lbits = 0x3f8
                    0x03f8                  SPI1CON3 = 0x3f8
                    0x03f8                  _SPI1CON3 = 0x3f8
                    0x03f8                  _SPI1CON3bits = 0x3f8
                    0x03fc                  SPI1STATL = 0x3fc
                    0x03fc                  _SPI1STATL = 0x3fc
                    0x03fc                  _SPI1STATLbits = 0x3fc
                    0x03fe                  SPI1STATH = 0x3fe
                    0x03fe                  _SPI1STATH = 0x3fe
                    0x03fe                  _SPI1STATHbits = 0x3fe
                    0x0400                  SPI1BUFL = 0x400
                    0x0400                  _SPI1BUFL = 0x400
                    0x0400                  _SPI1BUFLbits = 0x400
                    0x0402                  SPI1BUFH = 0x402
                    0x0402                  _SPI1BUFH = 0x402
                    0x0402                  _SPI1BUFHbits = 0x402
                    0x0404                  SPI1BRGL = 0x404
                    0x0404                  _SPI1BRGL = 0x404
                    0x0404                  _SPI1BRGLbits = 0x404
                    0x0408                  SPI1IMSK1 = 0x408
                    0x0408                  _SPI1IMSK1 = 0x408
                    0x0408                  _SPI1IMSK1bits = 0x408
                    0x0408                  SPI1IMSKL = 0x408
                    0x0408                  _SPI1IMSKL = 0x408
                    0x0408                  _SPI1IMSKLbits = 0x408
                    0x040a                  SPI1IMSK2 = 0x40a
                    0x040a                  _SPI1IMSK2 = 0x40a
                    0x040a                  _SPI1IMSK2bits = 0x40a
                    0x040a                  SPI1IMSKH = 0x40a
                    0x040a                  _SPI1IMSKH = 0x40a
                    0x040a                  _SPI1IMSKHbits = 0x40a
                    0x040c                  SPI1URDTL = 0x40c
                    0x040c                  _SPI1URDTL = 0x40c
                    0x040c                  _SPI1URDTLbits = 0x40c
                    0x040e                  SPI1URDTH = 0x40e
                    0x040e                  _SPI1URDTH = 0x40e
                    0x040e                  _SPI1URDTHbits = 0x40e
                    0x0410                  SPI2CON1 = 0x410
                    0x0410                  _SPI2CON1 = 0x410
                    0x0410                  _SPI2CON1bits = 0x410
                    0x0410                  SPI2CON1L = 0x410
                    0x0410                  _SPI2CON1L = 0x410
                    0x0410                  _SPI2CON1Lbits = 0x410
                    0x0412                  SPI2CON1H = 0x412
                    0x0412                  _SPI2CON1H = 0x412
                    0x0412                  _SPI2CON1Hbits = 0x412
                    0x0412                  SPI2CON2 = 0x412
                    0x0412                  _SPI2CON2 = 0x412
                    0x0412                  _SPI2CON2bits = 0x412
                    0x0414                  SPI2CON2L = 0x414
                    0x0414                  _SPI2CON2L = 0x414
                    0x0414                  _SPI2CON2Lbits = 0x414
                    0x0414                  SPI2CON3 = 0x414
                    0x0414                  _SPI2CON3 = 0x414
                    0x0414                  _SPI2CON3bits = 0x414
                    0x0418                  SPI2STATL = 0x418
                    0x0418                  _SPI2STATL = 0x418
                    0x0418                  _SPI2STATLbits = 0x418
                    0x041a                  SPI2STATH = 0x41a
                    0x041a                  _SPI2STATH = 0x41a
                    0x041a                  _SPI2STATHbits = 0x41a
                    0x041c                  SPI2BUFL = 0x41c
                    0x041c                  _SPI2BUFL = 0x41c
                    0x041c                  _SPI2BUFLbits = 0x41c
                    0x041e                  SPI2BUFH = 0x41e
                    0x041e                  _SPI2BUFH = 0x41e
                    0x041e                  _SPI2BUFHbits = 0x41e
                    0x0420                  SPI2BRGL = 0x420
                    0x0420                  _SPI2BRGL = 0x420
                    0x0420                  _SPI2BRGLbits = 0x420
                    0x0424                  SPI2IMSK1 = 0x424
                    0x0424                  _SPI2IMSK1 = 0x424
                    0x0424                  _SPI2IMSK1bits = 0x424
                    0x0424                  SPI2IMSKL = 0x424
                    0x0424                  _SPI2IMSKL = 0x424
                    0x0424                  _SPI2IMSKLbits = 0x424
                    0x0426                  SPI2IMSK2 = 0x426
                    0x0426                  _SPI2IMSK2 = 0x426
                    0x0426                  _SPI2IMSK2bits = 0x426
                    0x0426                  SPI2IMSKH = 0x426
                    0x0426                  _SPI2IMSKH = 0x426
                    0x0426                  _SPI2IMSKHbits = 0x426
                    0x0428                  SPI2URDTL = 0x428
                    0x0428                  _SPI2URDTL = 0x428
                    0x0428                  _SPI2URDTLbits = 0x428
                    0x042a                  SPI2URDTH = 0x42a
                    0x042a                  _SPI2URDTH = 0x42a
                    0x042a                  _SPI2URDTHbits = 0x42a
                    0x042c                  SPI3CON1 = 0x42c
                    0x042c                  _SPI3CON1 = 0x42c
                    0x042c                  _SPI3CON1bits = 0x42c
                    0x042c                  SPI3CON1L = 0x42c
                    0x042c                  _SPI3CON1L = 0x42c
                    0x042c                  _SPI3CON1Lbits = 0x42c
                    0x042e                  SPI3CON1H = 0x42e
                    0x042e                  _SPI3CON1H = 0x42e
                    0x042e                  _SPI3CON1Hbits = 0x42e
                    0x042e                  SPI3CON2 = 0x42e
                    0x042e                  _SPI3CON2 = 0x42e
                    0x042e                  _SPI3CON2bits = 0x42e
                    0x0430                  SPI3CON2L = 0x430
                    0x0430                  _SPI3CON2L = 0x430
                    0x0430                  _SPI3CON2Lbits = 0x430
                    0x0430                  SPI3CON3 = 0x430
                    0x0430                  _SPI3CON3 = 0x430
                    0x0430                  _SPI3CON3bits = 0x430
                    0x0434                  SPI3STATL = 0x434
                    0x0434                  _SPI3STATL = 0x434
                    0x0434                  _SPI3STATLbits = 0x434
                    0x0436                  SPI3STATH = 0x436
                    0x0436                  _SPI3STATH = 0x436
                    0x0436                  _SPI3STATHbits = 0x436
                    0x0438                  SPI3BUFL = 0x438
                    0x0438                  _SPI3BUFL = 0x438
                    0x0438                  _SPI3BUFLbits = 0x438
                    0x043a                  SPI3BUFH = 0x43a
                    0x043a                  _SPI3BUFH = 0x43a
                    0x043a                  _SPI3BUFHbits = 0x43a
                    0x043c                  SPI3BRGL = 0x43c
                    0x043c                  _SPI3BRGL = 0x43c
                    0x043c                  _SPI3BRGLbits = 0x43c
                    0x0440                  SPI3IMSK1 = 0x440
                    0x0440                  _SPI3IMSK1 = 0x440
                    0x0440                  _SPI3IMSK1bits = 0x440
                    0x0440                  SPI3IMSKL = 0x440
                    0x0440                  _SPI3IMSKL = 0x440
                    0x0440                  _SPI3IMSKLbits = 0x440
                    0x0442                  SPI3IMSK2 = 0x442
                    0x0442                  _SPI3IMSK2 = 0x442
                    0x0442                  _SPI3IMSK2bits = 0x442
                    0x0442                  SPI3IMSKH = 0x442
                    0x0442                  _SPI3IMSKH = 0x442
                    0x0442                  _SPI3IMSKHbits = 0x442
                    0x0444                  SPI3URDTL = 0x444
                    0x0444                  _SPI3URDTL = 0x444
                    0x0444                  _SPI3URDTLbits = 0x444
                    0x0446                  SPI3URDTH = 0x446
                    0x0446                  _SPI3URDTH = 0x446
                    0x0446                  _SPI3URDTHbits = 0x446
                    0x0464                  CLC1CONL = 0x464
                    0x0464                  _CLC1CONL = 0x464
                    0x0464                  _CLC1CONLbits = 0x464
                    0x0466                  CLC1CONH = 0x466
                    0x0466                  _CLC1CONH = 0x466
                    0x0466                  _CLC1CONHbits = 0x466
                    0x0468                  CLC1SEL = 0x468
                    0x0468                  _CLC1SEL = 0x468
                    0x0468                  _CLC1SELbits = 0x468
                    0x0468                  CLC1SELL = 0x468
                    0x0468                  _CLC1SELL = 0x468
                    0x0468                  _CLC1SELLbits = 0x468
                    0x046c                  CLC1GLSL = 0x46c
                    0x046c                  _CLC1GLSL = 0x46c
                    0x046c                  _CLC1GLSLbits = 0x46c
                    0x046e                  CLC1GLSH = 0x46e
                    0x046e                  _CLC1GLSH = 0x46e
                    0x046e                  _CLC1GLSHbits = 0x46e
                    0x0470                  CLC2CONL = 0x470
                    0x0470                  _CLC2CONL = 0x470
                    0x0470                  _CLC2CONLbits = 0x470
                    0x0472                  CLC2CONH = 0x472
                    0x0472                  _CLC2CONH = 0x472
                    0x0472                  _CLC2CONHbits = 0x472
                    0x0474                  CLC2SEL = 0x474
                    0x0474                  _CLC2SEL = 0x474
                    0x0474                  _CLC2SELbits = 0x474
                    0x0474                  CLC2SELL = 0x474
                    0x0474                  _CLC2SELL = 0x474
                    0x0474                  _CLC2SELLbits = 0x474
                    0x0478                  CLC2GLSL = 0x478
                    0x0478                  _CLC2GLSL = 0x478
                    0x0478                  _CLC2GLSLbits = 0x478
                    0x047a                  CLC2GLSH = 0x47a
                    0x047a                  _CLC2GLSH = 0x47a
                    0x047a                  _CLC2GLSHbits = 0x47a
                    0x0494                  I2C1RCV = 0x494
                    0x0494                  _I2C1RCV = 0x494
                    0x0494                  _I2C1RCVbits = 0x494
                    0x0496                  I2C1TRN = 0x496
                    0x0496                  _I2C1TRN = 0x496
                    0x0496                  _I2C1TRNbits = 0x496
                    0x0498                  I2C1BRG = 0x498
                    0x0498                  _I2C1BRG = 0x498
                    0x049a                  I2C1CON1 = 0x49a
                    0x049a                  _I2C1CON1 = 0x49a
                    0x049a                  _I2C1CON1bits = 0x49a
                    0x049a                  I2C1CONL = 0x49a
                    0x049a                  _I2C1CONL = 0x49a
                    0x049a                  _I2C1CONLbits = 0x49a
                    0x049c                  I2C1CON2 = 0x49c
                    0x049c                  _I2C1CON2 = 0x49c
                    0x049c                  _I2C1CON2bits = 0x49c
                    0x049c                  I2C1CONH = 0x49c
                    0x049c                  _I2C1CONH = 0x49c
                    0x049c                  _I2C1CONHbits = 0x49c
                    0x049e                  I2C1STAT = 0x49e
                    0x049e                  _I2C1STAT = 0x49e
                    0x049e                  _I2C1STATbits = 0x49e
                    0x04a0                  I2C1ADD = 0x4a0
                    0x04a0                  _I2C1ADD = 0x4a0
                    0x04a0                  _I2C1ADDbits = 0x4a0
                    0x04a2                  I2C1MSK = 0x4a2
                    0x04a2                  _I2C1MSK = 0x4a2
                    0x04a2                  _I2C1MSKbits = 0x4a2
                    0x04a4                  I2C2RCV = 0x4a4
                    0x04a4                  _I2C2RCV = 0x4a4
                    0x04a4                  _I2C2RCVbits = 0x4a4
                    0x04a6                  I2C2TRN = 0x4a6
                    0x04a6                  _I2C2TRN = 0x4a6
                    0x04a6                  _I2C2TRNbits = 0x4a6
                    0x04a8                  I2C2BRG = 0x4a8
                    0x04a8                  _I2C2BRG = 0x4a8
                    0x04aa                  I2C2CON1 = 0x4aa
                    0x04aa                  _I2C2CON1 = 0x4aa
                    0x04aa                  _I2C2CON1bits = 0x4aa
                    0x04aa                  I2C2CONL = 0x4aa
                    0x04aa                  _I2C2CONL = 0x4aa
                    0x04aa                  _I2C2CONLbits = 0x4aa
                    0x04ac                  I2C2CON2 = 0x4ac
                    0x04ac                  _I2C2CON2 = 0x4ac
                    0x04ac                  _I2C2CON2bits = 0x4ac
                    0x04ac                  I2C2CONH = 0x4ac
                    0x04ac                  _I2C2CONH = 0x4ac
                    0x04ac                  _I2C2CONHbits = 0x4ac
                    0x04ae                  I2C2STAT = 0x4ae
                    0x04ae                  _I2C2STAT = 0x4ae
                    0x04ae                  _I2C2STATbits = 0x4ae
                    0x04b0                  I2C2ADD = 0x4b0
                    0x04b0                  _I2C2ADD = 0x4b0
                    0x04b0                  _I2C2ADDbits = 0x4b0
                    0x04b2                  I2C2MSK = 0x4b2
                    0x04b2                  _I2C2MSK = 0x4b2
                    0x04b2                  _I2C2MSKbits = 0x4b2
                    0x04c4                  DMACON = 0x4c4
                    0x04c4                  _DMACON = 0x4c4
                    0x04c4                  _DMACONbits = 0x4c4
                    0x04c6                  DMABUF = 0x4c6
                    0x04c6                  _DMABUF = 0x4c6
                    0x04c8                  DMAL = 0x4c8
                    0x04c8                  _DMAL = 0x4c8
                    0x04ca                  DMAH = 0x4ca
                    0x04ca                  _DMAH = 0x4ca
                    0x04cc                  DMACH0 = 0x4cc
                    0x04cc                  _DMACH0 = 0x4cc
                    0x04cc                  _DMACH0bits = 0x4cc
                    0x04ce                  DMAINT0 = 0x4ce
                    0x04ce                  _DMAINT0 = 0x4ce
                    0x04ce                  _DMAINT0bits = 0x4ce
                    0x04d0                  DMASRC0 = 0x4d0
                    0x04d0                  _DMASRC0 = 0x4d0
                    0x04d2                  DMADST0 = 0x4d2
                    0x04d2                  _DMADST0 = 0x4d2
                    0x04d4                  DMACNT0 = 0x4d4
                    0x04d4                  _DMACNT0 = 0x4d4
                    0x04d6                  DMACH1 = 0x4d6
                    0x04d6                  _DMACH1 = 0x4d6
                    0x04d6                  _DMACH1bits = 0x4d6
                    0x04d8                  DMAINT1 = 0x4d8
                    0x04d8                  _DMAINT1 = 0x4d8
                    0x04d8                  _DMAINT1bits = 0x4d8
                    0x04da                  DMASRC1 = 0x4da
                    0x04da                  _DMASRC1 = 0x4da
                    0x04dc                  DMADST1 = 0x4dc
                    0x04dc                  _DMADST1 = 0x4dc
                    0x04de                  DMACNT1 = 0x4de
                    0x04de                  _DMACNT1 = 0x4de
                    0x04e0                  DMACH2 = 0x4e0
                    0x04e0                  _DMACH2 = 0x4e0
                    0x04e0                  _DMACH2bits = 0x4e0
                    0x04e2                  DMAINT2 = 0x4e2
                    0x04e2                  _DMAINT2 = 0x4e2
                    0x04e2                  _DMAINT2bits = 0x4e2
                    0x04e4                  DMASRC2 = 0x4e4
                    0x04e4                  _DMASRC2 = 0x4e4
                    0x04e6                  DMADST2 = 0x4e6
                    0x04e6                  _DMADST2 = 0x4e6
                    0x04e8                  DMACNT2 = 0x4e8
                    0x04e8                  _DMACNT2 = 0x4e8
                    0x04ea                  DMACH3 = 0x4ea
                    0x04ea                  _DMACH3 = 0x4ea
                    0x04ea                  _DMACH3bits = 0x4ea
                    0x04ec                  DMAINT3 = 0x4ec
                    0x04ec                  _DMAINT3 = 0x4ec
                    0x04ec                  _DMAINT3bits = 0x4ec
                    0x04ee                  DMASRC3 = 0x4ee
                    0x04ee                  _DMASRC3 = 0x4ee
                    0x04f0                  DMADST3 = 0x4f0
                    0x04f0                  _DMADST3 = 0x4f0
                    0x04f2                  DMACNT3 = 0x4f2
                    0x04f2                  _DMACNT3 = 0x4f2
                    0x04f4                  DMACH4 = 0x4f4
                    0x04f4                  _DMACH4 = 0x4f4
                    0x04f4                  _DMACH4bits = 0x4f4
                    0x04f6                  DMAINT4 = 0x4f6
                    0x04f6                  _DMAINT4 = 0x4f6
                    0x04f6                  _DMAINT4bits = 0x4f6
                    0x04f8                  DMASRC4 = 0x4f8
                    0x04f8                  _DMASRC4 = 0x4f8
                    0x04fa                  DMADST4 = 0x4fa
                    0x04fa                  _DMADST4 = 0x4fa
                    0x04fc                  DMACNT4 = 0x4fc
                    0x04fc                  _DMACNT4 = 0x4fc
                    0x04fe                  DMACH5 = 0x4fe
                    0x04fe                  _DMACH5 = 0x4fe
                    0x04fe                  _DMACH5bits = 0x4fe
                    0x0500                  DMAINT5 = 0x500
                    0x0500                  _DMAINT5 = 0x500
                    0x0500                  _DMAINT5bits = 0x500
                    0x0502                  DMASRC5 = 0x502
                    0x0502                  _DMASRC5 = 0x502
                    0x0504                  DMADST5 = 0x504
                    0x0504                  _DMADST5 = 0x504
                    0x0506                  DMACNT5 = 0x506
                    0x0506                  _DMACNT5 = 0x506
                    0x065e                  PADCON = 0x65e
                    0x065e                  _PADCON = 0x65e
                    0x065e                  _PADCONbits = 0x65e
                    0x0660                  IOCSTAT = 0x660
                    0x0660                  _IOCSTAT = 0x660
                    0x0660                  _IOCSTATbits = 0x660
                    0x0662                  TRISA = 0x662
                    0x0662                  _TRISA = 0x662
                    0x0662                  _TRISAbits = 0x662
                    0x0664                  PORTA = 0x664
                    0x0664                  _PORTA = 0x664
                    0x0664                  _PORTAbits = 0x664
                    0x0666                  LATA = 0x666
                    0x0666                  _LATA = 0x666
                    0x0666                  _LATAbits = 0x666
                    0x0668                  ODCA = 0x668
                    0x0668                  _ODCA = 0x668
                    0x0668                  _ODCAbits = 0x668
                    0x066a                  ANSA = 0x66a
                    0x066a                  _ANSA = 0x66a
                    0x066a                  _ANSAbits = 0x66a
                    0x066a                  ANSELA = 0x66a
                    0x066a                  _ANSELA = 0x66a
                    0x066a                  _ANSELAbits = 0x66a
                    0x066c                  IOCPA = 0x66c
                    0x066c                  _IOCPA = 0x66c
                    0x066c                  _IOCPAbits = 0x66c
                    0x066e                  IOCNA = 0x66e
                    0x066e                  _IOCNA = 0x66e
                    0x066e                  _IOCNAbits = 0x66e